// Jest Snapshot v1, https://goo.gl/fbAQLP

exports[`VUserSearchForm renders the components 1`] = `
<div>
  <form>
    <el-input-stub value="" type="text" autocomplete="off" validateevent="true" placeholder="Pesquise o usuário" class="search-form__input"></el-input-stub>
    <el-button-stub type="default" icon="el-icon-search" nativetype="submit" slot="append" class="search-form__button">Enviar</el-button-stub>
  </form>
</div>
`;
